src/pages/AdminOrdersPage.tsx(3,10): error TS6133: 'orderApi' is declared but its value is never read.
src/pages/OrdersPage.tsx(211,12): error TS6133: 'detailCanReturnByShipmentId' is declared but its value is never read.
src/pages/OrdersPage.tsx(212,12): error TS6133: 'detailCheckingCanReturn' is declared but its value is never read.
src/pages/OrdersPage.tsx(262,12): error TS6133: 'pendingPage' is declared but its value is never read.
src/pages/OrdersPage.tsx(262,25): error TS6133: 'setPendingPage' is declared but its value is never read.
src/pages/OrdersPage.tsx(266,12): error TS6133: 'confirmReceiveShipmentId' is declared but its value is never read.
src/pages/OrdersPage.tsx(266,38): error TS6133: 'setConfirmReceiveShipmentId' is declared but its value is never read.
src/pages/OrdersPage.tsx(297,11): error TS6133: 'firstDetailShipmentId' is declared but its value is never read.
src/pages/OrdersPage.tsx(860,11): error TS6133: 'firstOrderItemId' is declared but its value is never read.
